[patrickcollison.com/index.html]
[backblue.gif]
[fade.gif]
[index.html]
[patrickcollison.com/static/style.css]
[patrickcollison.com/about]
[patrickcollison.com/advice]
[patrickcollison.com/blog]
[patrickcollison.com/bookshelf]
[patrickcollison.com/culture]
[patrickcollison.com/fast]
[patrickcollison.com/growth]
[patrickcollison.com/labs]
[patrickcollison.com/links]
[patrickcollison.com/people]
[patrickcollison.com/pollution]
[patrickcollison.com/progress]
[patrickcollison.com/questions]
[patrickcollison.com/svhistory]
[patrickcollison.com/travel]
[patrickcollison.com/index.html]
[patrickcollison.com/static/style.css]
[patrickcollison.com/work]
[patrickcollison.com/static/profile.jpg]
[patrickcollison.com/about]
[patrickcollison.com/advice]
[patrickcollison.com/post/government-internet]
[patrickcollison.com/blog]
[patrickcollison.com/bookshelf]
[patrickcollison.com/culture]
[patrickcollison.com/post/stripe-ireland]
[patrickcollison.com/static/files/alto.pdf]
[patrickcollison.com/fast]
[patrickcollison.com/static/files/lucas.png]
[patrickcollison.com/growth]
[patrickcollison.com/static/files/labs/taylor-markoff-interview.pdf]
[patrickcollison.com/labs]
[patrickcollison.com/static/files/labs/context.pdf]
[patrickcollison.com/links]
[patrickcollison.com/people]
[patrickcollison.com/pollution]
[patrickcollison.com/static/files/progress-mz.pdf]
[patrickcollison.com/progress]
[patrickcollison.com/static/files/questions/inflation.png]
[patrickcollison.com/questions/us-gdp.gif]
[patrickcollison.com/questions/global-gdp.png]
[nexus.od.nih.gov/all/wp-content/uploads/2015/03/2.jpg]
[patrickcollison.com/questions]
[patrickcollison.com/static/files/questions/d18o.png]
[patrickcollison.com/svhistory]
[patrickcollison.com/travel]
[patrickcollison.com/work]
[patrickcollison.com/post/government-internet]
[patrickcollison.com/post/stripe-ireland]
[patrickcollison.com/questions/us-gdp.html]
[patrickcollison.com/questions/global-gdp.html]
